// Jest Snapshot v1, https://goo.gl/fbAQLP

exports[`CSSMotion transition not crash when no children 1`] = `null`;
